============================================================
BACKEND API TEST
============================================================

1. Testing health endpoint...
python : Traceback (most recent call last):
At line:1 char:1
+ python test_backend.py > test_output.txt 2>&1
+ ~~~~~~~~~~~~~~~~~~~~~~~~~~~~~~~~~~~~~~~~~~~~~
    + CategoryInfo          : NotSpecified: (Traceback (most recent call last) 
   ::String) [], RemoteException
    + FullyQualifiedErrorId : NativeCommandError
 
  File "C:\Projects\SGMAS\test_backend.py", line 19, in <module>
    print(f"   \u2713 Backend is alive: {resp.json()}")
  File "C:\Users\TIRTH 
PATEL\AppData\Local\Programs\Python\Python311\Lib\encodings\cp1252.py", line 
19, in encode
    return codecs.charmap_encode(input,self.errors,encoding_table)[0]
           ^^^^^^^^^^^^^^^^^^^^^^^^^^^^^^^^^^^^^^^^^^^^^^^^^^^^^^^
UnicodeEncodeError: 'charmap' codec can't encode character '\u2713' in 
position 3: character maps to <undefined>

During handling of the above exception, another exception occurred:

Traceback (most recent call last):
  File "C:\Projects\SGMAS\test_backend.py", line 23, in <module>
    print(f"   \u2717 Backend not running! Error: {e}")
  File "C:\Users\TIRTH 
PATEL\AppData\Local\Programs\Python\Python311\Lib\encodings\cp1252.py", line 
19, in encode
    return codecs.charmap_encode(input,self.errors,encoding_table)[0]
           ^^^^^^^^^^^^^^^^^^^^^^^^^^^^^^^^^^^^^^^^^^^^^^^^^^^^^^^
UnicodeEncodeError: 'charmap' codec can't encode character '\u2717' in 
position 3: character maps to <undefined>
